<?xml version="1.0" encoding="UTF-8"?>
<testsuites name="jest tests" tests="6" failures="0" time="4.877">
  <testsuite name="App tests" errors="0" failures="0" skipped="0" timestamp="2020-10-09T12:02:28" time="3.476" tests="6">
    <testcase classname="App tests Counter heading exists" name="App tests Counter heading exists" time="0.039">
    </testcase>
    <testcase classname="App tests Counter element exists" name="App tests Counter element exists" time="0.004">
    </testcase>
    <testcase classname="App tests Increment counter button exists" name="App tests Increment counter button exists" time="0.002">
    </testcase>
    <testcase classname="App tests Counter increments" name="App tests Counter increments" time="0.006">
    </testcase>
    <testcase classname="App tests Child component Counter exists" name="App tests Child component Counter exists" time="0.005">
    </testcase>
    <testcase classname="App tests Counter increments twice" name="App tests Counter increments twice" time="0.005">
    </testcase>
  </testsuite>
</testsuites>